components/kartela/KartelaCRUD.tsx(3,8): error TS1259: Module '"C:/Users/zairo/surteksos/node_modules/@types/react/index"' can only be default-imported using the 'esModuleInterop' flag
components/kartela/KartelaCRUD.tsx(4,30): error TS2307: Cannot find module '@/lib/supabase/client' or its corresponding type declarations.
components/kartela/KartelaCRUD.tsx(573,7): error TS17004: Cannot use JSX unless the '--jsx' flag is provided.
components/kartela/KartelaCRUD.tsx(574,9): error TS17004: Cannot use JSX unless the '--jsx' flag is provided.
components/kartela/KartelaCRUD.tsx(575,9): error TS17004: Cannot use JSX unless the '--jsx' flag is provided.
components/kartela/KartelaCRUD.tsx(581,5): error TS17004: Cannot use JSX unless the '--jsx' flag is provided.
components/kartela/KartelaCRUD.tsx(584,9): error TS17004: Cannot use JSX unless the '--jsx' flag is provided.
components/kartela/KartelaCRUD.tsx(585,11): error TS17004: Cannot use JSX unless the '--jsx' flag is provided.
components/kartela/KartelaCRUD.tsx(586,13): error TS17004: Cannot use JSX unless the '--jsx' flag is provided.
components/kartela/KartelaCRUD.tsx(589,11): error TS17004: Cannot use JSX unless the '--jsx' flag is provided.
components/kartela/KartelaCRUD.tsx(590,13): error TS17004: Cannot use JSX unless the '--jsx' flag is provided.
components/kartela/KartelaCRUD.tsx(596,9): error TS17004: Cannot use JSX unless the '--jsx' flag is provided.
components/kartela/KartelaCRUD.tsx(597,11): error TS17004: Cannot use JSX unless the '--jsx' flag is provided.
components/kartela/KartelaCRUD.tsx(598,13): error TS17004: Cannot use JSX unless the '--jsx' flag is provided.
components/kartela/KartelaCRUD.tsx(601,11): error TS17004: Cannot use JSX unless the '--jsx' flag is provided.
components/kartela/KartelaCRUD.tsx(602,13): error TS17004: Cannot use JSX unless the '--jsx' flag is provided.
components/kartela/KartelaCRUD.tsx(608,7): error TS17004: Cannot use JSX unless the '--jsx' flag is provided.
components/kartela/KartelaCRUD.tsx(609,9): error TS17004: Cannot use JSX unless the '--jsx' flag is provided.
components/kartela/KartelaCRUD.tsx(611,11): error TS17004: Cannot use JSX unless the '--jsx' flag is provided.
components/kartela/KartelaCRUD.tsx(612,13): error TS17004: Cannot use JSX unless the '--jsx' flag is provided.
components/kartela/KartelaCRUD.tsx(613,15): error TS17004: Cannot use JSX unless the '--jsx' flag is provided.
components/kartela/KartelaCRUD.tsx(614,15): error TS17004: Cannot use JSX unless the '--jsx' flag is provided.
components/kartela/KartelaCRUD.tsx(623,13): error TS17004: Cannot use JSX unless the '--jsx' flag is provided.
components/kartela/KartelaCRUD.tsx(628,15): error TS17004: Cannot use JSX unless the '--jsx' flag is provided.
components/kartela/KartelaCRUD.tsx(629,15): error TS17004: Cannot use JSX unless the '--jsx' flag is provided.
components/kartela/KartelaCRUD.tsx(630,15): error TS17004: Cannot use JSX unless the '--jsx' flag is provided.
components/kartela/KartelaCRUD.tsx(631,15): error TS17004: Cannot use JSX unless the '--jsx' flag is provided.
components/kartela/KartelaCRUD.tsx(632,15): error TS17004: Cannot use JSX unless the '--jsx' flag is provided.
components/kartela/KartelaCRUD.tsx(635,13): error TS17004: Cannot use JSX unless the '--jsx' flag is provided.
components/kartela/KartelaCRUD.tsx(643,15): error TS17004: Cannot use JSX unless the '--jsx' flag is provided.
components/kartela/KartelaCRUD.tsx(649,11): error TS17004: Cannot use JSX unless the '--jsx' flag is provided.
components/kartela/KartelaCRUD.tsx(650,13): error TS17004: Cannot use JSX unless the '--jsx' flag is provided.
components/kartela/KartelaCRUD.tsx(651,15): error TS17004: Cannot use JSX unless the '--jsx' flag is provided.
components/kartela/KartelaCRUD.tsx(655,17): error TS17004: Cannot use JSX unless the '--jsx' flag is provided.
components/kartela/KartelaCRUD.tsx(657,15): error TS17004: Cannot use JSX unless the '--jsx' flag is provided.
components/kartela/KartelaCRUD.tsx(661,17): error TS17004: Cannot use JSX unless the '--jsx' flag is provided.
components/kartela/KartelaCRUD.tsx(665,13): error TS17004: Cannot use JSX unless the '--jsx' flag is provided.
components/kartela/KartelaCRUD.tsx(672,15): error TS17004: Cannot use JSX unless the '--jsx' flag is provided.
components/kartela/KartelaCRUD.tsx(676,13): error TS17004: Cannot use JSX unless the '--jsx' flag is provided.
components/kartela/KartelaCRUD.tsx(681,15): error TS17004: Cannot use JSX unless the '--jsx' flag is provided.
components/kartela/KartelaCRUD.tsx(687,9): error TS17004: Cannot use JSX unless the '--jsx' flag is provided.
components/kartela/KartelaCRUD.tsx(688,11): error TS17004: Cannot use JSX unless the '--jsx' flag is provided.
components/kartela/KartelaCRUD.tsx(689,13): error TS17004: Cannot use JSX unless the '--jsx' flag is provided.
components/kartela/KartelaCRUD.tsx(690,13): error TS17004: Cannot use JSX unless the '--jsx' flag is provided.
components/kartela/KartelaCRUD.tsx(692,11): error TS17004: Cannot use JSX unless the '--jsx' flag is provided.
components/kartela/KartelaCRUD.tsx(693,13): error TS17004: Cannot use JSX unless the '--jsx' flag is provided.
components/kartela/KartelaCRUD.tsx(694,13): error TS17004: Cannot use JSX unless the '--jsx' flag is provided.
components/kartela/KartelaCRUD.tsx(698,11): error TS17004: Cannot use JSX unless the '--jsx' flag is provided.
components/kartela/KartelaCRUD.tsx(699,13): error TS17004: Cannot use JSX unless the '--jsx' flag is provided.
components/kartela/KartelaCRUD.tsx(700,13): error TS17004: Cannot use JSX unless the '--jsx' flag is provided.
components/kartela/KartelaCRUD.tsx(704,11): error TS17004: Cannot use JSX unless the '--jsx' flag is provided.
components/kartela/KartelaCRUD.tsx(705,13): error TS17004: Cannot use JSX unless the '--jsx' flag is provided.
components/kartela/KartelaCRUD.tsx(706,13): error TS17004: Cannot use JSX unless the '--jsx' flag is provided.
components/kartela/KartelaCRUD.tsx(715,9): error TS17004: Cannot use JSX unless the '--jsx' flag is provided.
components/kartela/KartelaCRUD.tsx(716,11): error TS17004: Cannot use JSX unless the '--jsx' flag is provided.
components/kartela/KartelaCRUD.tsx(717,13): error TS17004: Cannot use JSX unless the '--jsx' flag is provided.
components/kartela/KartelaCRUD.tsx(718,15): error TS17004: Cannot use JSX unless the '--jsx' flag is provided.
components/kartela/KartelaCRUD.tsx(719,17): error TS17004: Cannot use JSX unless the '--jsx' flag is provided.
components/kartela/KartelaCRUD.tsx(720,19): error TS17004: Cannot use JSX unless the '--jsx' flag is provided.
components/kartela/KartelaCRUD.tsx(721,19): error TS17004: Cannot use JSX unless the '--jsx' flag is provided.
components/kartela/KartelaCRUD.tsx(722,19): error TS17004: Cannot use JSX unless the '--jsx' flag is provided.
components/kartela/KartelaCRUD.tsx(723,19): error TS17004: Cannot use JSX unless the '--jsx' flag is provided.
components/kartela/KartelaCRUD.tsx(724,19): error TS17004: Cannot use JSX unless the '--jsx' flag is provided.
components/kartela/KartelaCRUD.tsx(725,19): error TS17004: Cannot use JSX unless the '--jsx' flag is provided.
components/kartela/KartelaCRUD.tsx(726,19): error TS17004: Cannot use JSX unless the '--jsx' flag is provided.
components/kartela/KartelaCRUD.tsx(727,19): error TS17004: Cannot use JSX unless the '--jsx' flag is provided.
components/kartela/KartelaCRUD.tsx(730,15): error TS17004: Cannot use JSX unless the '--jsx' flag is provided.
components/kartela/KartelaCRUD.tsx(732,19): error TS17004: Cannot use JSX unless the '--jsx' flag is provided.
components/kartela/KartelaCRUD.tsx(733,21): error TS17004: Cannot use JSX unless the '--jsx' flag is provided.
components/kartela/KartelaCRUD.tsx(734,21): error TS17004: Cannot use JSX unless the '--jsx' flag is provided.
components/kartela/KartelaCRUD.tsx(735,23): error TS17004: Cannot use JSX unless the '--jsx' flag is provided.
components/kartela/KartelaCRUD.tsx(736,25): error TS17004: Cannot use JSX unless the '--jsx' flag is provided.
components/kartela/KartelaCRUD.tsx(740,25): error TS17004: Cannot use JSX unless the '--jsx' flag is provided.
components/kartela/KartelaCRUD.tsx(741,27): error TS17004: Cannot use JSX unless the '--jsx' flag is provided.
components/kartela/KartelaCRUD.tsx(742,27): error TS17004: Cannot use JSX unless the '--jsx' flag is provided.
components/kartela/KartelaCRUD.tsx(746,21): error TS17004: Cannot use JSX unless the '--jsx' flag is provided.
components/kartela/KartelaCRUD.tsx(747,23): error TS17004: Cannot use JSX unless the '--jsx' flag is provided.
components/kartela/KartelaCRUD.tsx(748,25): error TS17004: Cannot use JSX unless the '--jsx' flag is provided.
components/kartela/KartelaCRUD.tsx(750,27): error TS17004: Cannot use JSX unless the '--jsx' flag is provided.
components/kartela/KartelaCRUD.tsx(754,21): error TS17004: Cannot use JSX unless the '--jsx' flag is provided.
components/kartela/KartelaCRUD.tsx(756,25): error TS17004: Cannot use JSX unless the '--jsx' flag is provided.
components/kartela/KartelaCRUD.tsx(757,27): error TS17004: Cannot use JSX unless the '--jsx' flag is provided.
components/kartela/KartelaCRUD.tsx(758,27): error TS17004: Cannot use JSX unless the '--jsx' flag is provided.
components/kartela/KartelaCRUD.tsx(762,21): error TS17004: Cannot use JSX unless the '--jsx' flag is provided.
components/kartela/KartelaCRUD.tsx(764,25): error TS17004: Cannot use JSX unless the '--jsx' flag is provided.
components/kartela/KartelaCRUD.tsx(765,27): error TS17004: Cannot use JSX unless the '--jsx' flag is provided.
components/kartela/KartelaCRUD.tsx(767,29): error TS17004: Cannot use JSX unless the '--jsx' flag is provided.
components/kartela/KartelaCRUD.tsx(772,21): error TS17004: Cannot use JSX unless the '--jsx' flag is provided.
components/kartela/KartelaCRUD.tsx(773,23): error TS17004: Cannot use JSX unless the '--jsx' flag is provided.
components/kartela/KartelaCRUD.tsx(777,25): error TS17004: Cannot use JSX unless the '--jsx' flag is provided.
components/kartela/KartelaCRUD.tsx(782,21): error TS17004: Cannot use JSX unless the '--jsx' flag is provided.
components/kartela/KartelaCRUD.tsx(784,25): error TS17004: Cannot use JSX unless the '--jsx' flag is provided.
components/kartela/KartelaCRUD.tsx(785,27): error TS17004: Cannot use JSX unless the '--jsx' flag is provided.
components/kartela/KartelaCRUD.tsx(786,27): error TS17004: Cannot use JSX unless the '--jsx' flag is provided.
components/kartela/KartelaCRUD.tsx(792,21): error TS17004: Cannot use JSX unless the '--jsx' flag is provided.
components/kartela/KartelaCRUD.tsx(793,23): error TS17004: Cannot use JSX unless the '--jsx' flag is provided.
components/kartela/KartelaCRUD.tsx(794,25): error TS17004: Cannot use JSX unless the '--jsx' flag is provided.
components/kartela/KartelaCRUD.tsx(799,27): error TS17004: Cannot use JSX unless the '--jsx' flag is provided.
components/kartela/KartelaCRUD.tsx(803,27): error TS17004: Cannot use JSX unless the '--jsx' flag is provided.
components/kartela/KartelaCRUD.tsx(804,29): error TS17004: Cannot use JSX unless the '--jsx' flag is provided.
components/kartela/KartelaCRUD.tsx(809,31): error TS17004: Cannot use JSX unless the '--jsx' flag is provided.
components/kartela/KartelaCRUD.tsx(811,29): error TS17004: Cannot use JSX unless the '--jsx' flag is provided.
components/kartela/KartelaCRUD.tsx(816,31): error TS17004: Cannot use JSX unless the '--jsx' flag is provided.
components/kartela/KartelaCRUD.tsx(820,27): error TS17004: Cannot use JSX unless the '--jsx' flag is provided.
components/kartela/KartelaCRUD.tsx(821,29): error TS17004: Cannot use JSX unless the '--jsx' flag is provided.
components/kartela/KartelaCRUD.tsx(826,31): error TS17004: Cannot use JSX unless the '--jsx' flag is provided.
components/kartela/KartelaCRUD.tsx(828,29): error TS17004: Cannot use JSX unless the '--jsx' flag is provided.
components/kartela/KartelaCRUD.tsx(833,31): error TS17004: Cannot use JSX unless the '--jsx' flag is provided.
components/kartela/KartelaCRUD.tsx(845,15): error TS17004: Cannot use JSX unless the '--jsx' flag is provided.
components/kartela/KartelaCRUD.tsx(846,17): error TS17004: Cannot use JSX unless the '--jsx' flag is provided.
components/kartela/KartelaCRUD.tsx(847,17): error TS17004: Cannot use JSX unless the '--jsx' flag is provided.
components/kartela/KartelaCRUD.tsx(856,9): error TS17004: Cannot use JSX unless the '--jsx' flag is provided.
components/kartela/KartelaCRUD.tsx(858,13): error TS17004: Cannot use JSX unless the '--jsx' flag is provided.
components/kartela/KartelaCRUD.tsx(864,15): error TS17004: Cannot use JSX unless the '--jsx' flag is provided.
components/kartela/KartelaCRUD.tsx(868,15): error TS17004: Cannot use JSX unless the '--jsx' flag is provided.
components/kartela/KartelaCRUD.tsx(869,17): error TS17004: Cannot use JSX unless the '--jsx' flag is provided.
components/kartela/KartelaCRUD.tsx(870,19): error TS17004: Cannot use JSX unless the '--jsx' flag is provided.
components/kartela/KartelaCRUD.tsx(871,19): error TS17004: Cannot use JSX unless the '--jsx' flag is provided.
components/kartela/KartelaCRUD.tsx(876,17): error TS17004: Cannot use JSX unless the '--jsx' flag is provided.
components/kartela/KartelaCRUD.tsx(877,19): error TS17004: Cannot use JSX unless the '--jsx' flag is provided.
components/kartela/KartelaCRUD.tsx(878,21): error TS17004: Cannot use JSX unless the '--jsx' flag is provided.
components/kartela/KartelaCRUD.tsx(879,21): error TS17004: Cannot use JSX unless the '--jsx' flag is provided.
components/kartela/KartelaCRUD.tsx(882,19): error TS17004: Cannot use JSX unless the '--jsx' flag is provided.
components/kartela/KartelaCRUD.tsx(883,21): error TS17004: Cannot use JSX unless the '--jsx' flag is provided.
components/kartela/KartelaCRUD.tsx(884,21): error TS17004: Cannot use JSX unless the '--jsx' flag is provided.
components/kartela/KartelaCRUD.tsx(887,19): error TS17004: Cannot use JSX unless the '--jsx' flag is provided.
components/kartela/KartelaCRUD.tsx(888,21): error TS17004: Cannot use JSX unless the '--jsx' flag is provided.
components/kartela/KartelaCRUD.tsx(889,21): error TS17004: Cannot use JSX unless the '--jsx' flag is provided.
components/kartela/KartelaCRUD.tsx(892,19): error TS17004: Cannot use JSX unless the '--jsx' flag is provided.
components/kartela/KartelaCRUD.tsx(893,21): error TS17004: Cannot use JSX unless the '--jsx' flag is provided.
components/kartela/KartelaCRUD.tsx(894,21): error TS17004: Cannot use JSX unless the '--jsx' flag is provided.
components/kartela/KartelaCRUD.tsx(898,21): error TS17004: Cannot use JSX unless the '--jsx' flag is provided.
components/kartela/KartelaCRUD.tsx(899,23): error TS17004: Cannot use JSX unless the '--jsx' flag is provided.
components/kartela/KartelaCRUD.tsx(900,23): error TS17004: Cannot use JSX unless the '--jsx' flag is provided.
components/kartela/KartelaCRUD.tsx(905,17): error TS17004: Cannot use JSX unless the '--jsx' flag is provided.
components/kartela/KartelaCRUD.tsx(906,19): error TS17004: Cannot use JSX unless the '--jsx' flag is provided.
components/kartela/KartelaCRUD.tsx(910,21): error TS17004: Cannot use JSX unless the '--jsx' flag is provided.
components/kartela/KartelaCRUD.tsx(914,21): error TS17004: Cannot use JSX unless the '--jsx' flag is provided.
components/kartela/KartelaCRUD.tsx(915,23): error TS17004: Cannot use JSX unless the '--jsx' flag is provided.
components/kartela/KartelaCRUD.tsx(919,25): error TS17004: Cannot use JSX unless the '--jsx' flag is provided.
components/kartela/KartelaCRUD.tsx(921,23): error TS17004: Cannot use JSX unless the '--jsx' flag is provided.
components/kartela/KartelaCRUD.tsx(925,25): error TS17004: Cannot use JSX unless the '--jsx' flag is provided.
components/kartela/KartelaCRUD.tsx(929,21): error TS17004: Cannot use JSX unless the '--jsx' flag is provided.
components/kartela/KartelaCRUD.tsx(930,23): error TS17004: Cannot use JSX unless the '--jsx' flag is provided.
components/kartela/KartelaCRUD.tsx(934,25): error TS17004: Cannot use JSX unless the '--jsx' flag is provided.
components/kartela/KartelaCRUD.tsx(936,23): error TS17004: Cannot use JSX unless the '--jsx' flag is provided.
components/kartela/KartelaCRUD.tsx(940,25): error TS17004: Cannot use JSX unless the '--jsx' flag is provided.
components/kartela/KartelaCRUD.tsx(955,9): error TS17004: Cannot use JSX unless the '--jsx' flag is provided.
components/kartela/KartelaCRUD.tsx(956,11): error TS17004: Cannot use JSX unless the '--jsx' flag is provided.
components/kartela/KartelaCRUD.tsx(957,13): error TS17004: Cannot use JSX unless the '--jsx' flag is provided.
components/kartela/KartelaCRUD.tsx(958,15): error TS17004: Cannot use JSX unless the '--jsx' flag is provided.
components/kartela/KartelaCRUD.tsx(959,17): error TS17004: Cannot use JSX unless the '--jsx' flag is provided.
components/kartela/KartelaCRUD.tsx(962,17): error TS17004: Cannot use JSX unless the '--jsx' flag is provided.
components/kartela/KartelaCRUD.tsx(963,19): error TS17004: Cannot use JSX unless the '--jsx' flag is provided.
components/kartela/KartelaCRUD.tsx(968,13): error TS17004: Cannot use JSX unless the '--jsx' flag is provided.
components/kartela/KartelaCRUD.tsx(970,15): error TS17004: Cannot use JSX unless the '--jsx' flag is provided.
components/kartela/KartelaCRUD.tsx(971,17): error TS17004: Cannot use JSX unless the '--jsx' flag is provided.
components/kartela/KartelaCRUD.tsx(972,19): error TS17004: Cannot use JSX unless the '--jsx' flag is provided.
components/kartela/KartelaCRUD.tsx(973,32): error TS17004: Cannot use JSX unless the '--jsx' flag is provided.
components/kartela/KartelaCRUD.tsx(975,19): error TS17004: Cannot use JSX unless the '--jsx' flag is provided.
components/kartela/KartelaCRUD.tsx(984,17): error TS17004: Cannot use JSX unless the '--jsx' flag is provided.
components/kartela/KartelaCRUD.tsx(985,19): error TS17004: Cannot use JSX unless the '--jsx' flag is provided.
components/kartela/KartelaCRUD.tsx(986,19): error TS17004: Cannot use JSX unless the '--jsx' flag is provided.
components/kartela/KartelaCRUD.tsx(991,21): error TS17004: Cannot use JSX unless the '--jsx' flag is provided.
components/kartela/KartelaCRUD.tsx(992,21): error TS17004: Cannot use JSX unless the '--jsx' flag is provided.
components/kartela/KartelaCRUD.tsx(993,21): error TS17004: Cannot use JSX unless the '--jsx' flag is provided.
components/kartela/KartelaCRUD.tsx(994,21): error TS17004: Cannot use JSX unless the '--jsx' flag is provided.
components/kartela/KartelaCRUD.tsx(1000,15): error TS17004: Cannot use JSX unless the '--jsx' flag is provided.
components/kartela/KartelaCRUD.tsx(1001,17): error TS17004: Cannot use JSX unless the '--jsx' flag is provided.
components/kartela/KartelaCRUD.tsx(1002,19): error TS17004: Cannot use JSX unless the '--jsx' flag is provided.
components/kartela/KartelaCRUD.tsx(1003,31): error TS17004: Cannot use JSX unless the '--jsx' flag is provided.
components/kartela/KartelaCRUD.tsx(1005,19): error TS17004: Cannot use JSX unless the '--jsx' flag is provided.
components/kartela/KartelaCRUD.tsx(1006,21): error TS17004: Cannot use JSX unless the '--jsx' flag is provided.
components/kartela/KartelaCRUD.tsx(1014,21): error TS17004: Cannot use JSX unless the '--jsx' flag is provided.
components/kartela/KartelaCRUD.tsx(1016,25): error TS17004: Cannot use JSX unless the '--jsx' flag is provided.
components/kartela/KartelaCRUD.tsx(1019,21): error TS17004: Cannot use JSX unless the '--jsx' flag is provided.
components/kartela/KartelaCRUD.tsx(1026,17): error TS17004: Cannot use JSX unless the '--jsx' flag is provided.
components/kartela/KartelaCRUD.tsx(1027,19): error TS17004: Cannot use JSX unless the '--jsx' flag is provided.
components/kartela/KartelaCRUD.tsx(1028,19): error TS17004: Cannot use JSX unless the '--jsx' flag is provided.
components/kartela/KartelaCRUD.tsx(1036,19): error TS17004: Cannot use JSX unless the '--jsx' flag is provided.
components/kartela/KartelaCRUD.tsx(1038,23): error TS17004: Cannot use JSX unless the '--jsx' flag is provided.
components/kartela/KartelaCRUD.tsx(1045,15): error TS17004: Cannot use JSX unless the '--jsx' flag is provided.
components/kartela/KartelaCRUD.tsx(1046,17): error TS17004: Cannot use JSX unless the '--jsx' flag is provided.
components/kartela/KartelaCRUD.tsx(1047,19): error TS17004: Cannot use JSX unless the '--jsx' flag is provided.
components/kartela/KartelaCRUD.tsx(1048,19): error TS17004: Cannot use JSX unless the '--jsx' flag is provided.
components/kartela/KartelaCRUD.tsx(1061,21): error TS17004: Cannot use JSX unless the '--jsx' flag is provided.
components/kartela/KartelaCRUD.tsx(1063,23): error TS17004: Cannot use JSX unless the '--jsx' flag is provided.
components/kartela/KartelaCRUD.tsx(1070,17): error TS17004: Cannot use JSX unless the '--jsx' flag is provided.
components/kartela/KartelaCRUD.tsx(1071,19): error TS17004: Cannot use JSX unless the '--jsx' flag is provided.
components/kartela/KartelaCRUD.tsx(1072,19): error TS17004: Cannot use JSX unless the '--jsx' flag is provided.
components/kartela/KartelaCRUD.tsx(1083,15): error TS17004: Cannot use JSX unless the '--jsx' flag is provided.
components/kartela/KartelaCRUD.tsx(1084,17): error TS17004: Cannot use JSX unless the '--jsx' flag is provided.
components/kartela/KartelaCRUD.tsx(1085,19): error TS17004: Cannot use JSX unless the '--jsx' flag is provided.
components/kartela/KartelaCRUD.tsx(1086,19): error TS17004: Cannot use JSX unless the '--jsx' flag is provided.
components/kartela/KartelaCRUD.tsx(1099,21): error TS17004: Cannot use JSX unless the '--jsx' flag is provided.
components/kartela/KartelaCRUD.tsx(1101,23): error TS17004: Cannot use JSX unless the '--jsx' flag is provided.
components/kartela/KartelaCRUD.tsx(1108,17): error TS17004: Cannot use JSX unless the '--jsx' flag is provided.
components/kartela/KartelaCRUD.tsx(1109,19): error TS17004: Cannot use JSX unless the '--jsx' flag is provided.
components/kartela/KartelaCRUD.tsx(1110,19): error TS17004: Cannot use JSX unless the '--jsx' flag is provided.
components/kartela/KartelaCRUD.tsx(1121,15): error TS17004: Cannot use JSX unless the '--jsx' flag is provided.
components/kartela/KartelaCRUD.tsx(1122,17): error TS17004: Cannot use JSX unless the '--jsx' flag is provided.
components/kartela/KartelaCRUD.tsx(1123,19): error TS17004: Cannot use JSX unless the '--jsx' flag is provided.
components/kartela/KartelaCRUD.tsx(1124,19): error TS17004: Cannot use JSX unless the '--jsx' flag is provided.
components/kartela/KartelaCRUD.tsx(1133,17): error TS17004: Cannot use JSX unless the '--jsx' flag is provided.
components/kartela/KartelaCRUD.tsx(1134,19): error TS17004: Cannot use JSX unless the '--jsx' flag is provided.
components/kartela/KartelaCRUD.tsx(1135,19): error TS17004: Cannot use JSX unless the '--jsx' flag is provided.
components/kartela/KartelaCRUD.tsx(1144,17): error TS17004: Cannot use JSX unless the '--jsx' flag is provided.
components/kartela/KartelaCRUD.tsx(1145,19): error TS17004: Cannot use JSX unless the '--jsx' flag is provided.
components/kartela/KartelaCRUD.tsx(1146,19): error TS17004: Cannot use JSX unless the '--jsx' flag is provided.
components/kartela/KartelaCRUD.tsx(1160,17): error TS17004: Cannot use JSX unless the '--jsx' flag is provided.
components/kartela/KartelaCRUD.tsx(1161,19): error TS17004: Cannot use JSX unless the '--jsx' flag is provided.
components/kartela/KartelaCRUD.tsx(1162,19): error TS17004: Cannot use JSX unless the '--jsx' flag is provided.
components/kartela/KartelaCRUD.tsx(1163,21): error TS17004: Cannot use JSX unless the '--jsx' flag is provided.
components/kartela/KartelaCRUD.tsx(1164,23): error TS17004: Cannot use JSX unless the '--jsx' flag is provided.
components/kartela/KartelaCRUD.tsx(1165,23): error TS17004: Cannot use JSX unless the '--jsx' flag is provided.
components/kartela/KartelaCRUD.tsx(1169,21): error TS17004: Cannot use JSX unless the '--jsx' flag is provided.
components/kartela/KartelaCRUD.tsx(1170,23): error TS17004: Cannot use JSX unless the '--jsx' flag is provided.
components/kartela/KartelaCRUD.tsx(1171,23): error TS17004: Cannot use JSX unless the '--jsx' flag is provided.
components/kartela/KartelaCRUD.tsx(1177,21): error TS17004: Cannot use JSX unless the '--jsx' flag is provided.
components/kartela/KartelaCRUD.tsx(1178,23): error TS17004: Cannot use JSX unless the '--jsx' flag is provided.
components/kartela/KartelaCRUD.tsx(1179,23): error TS17004: Cannot use JSX unless the '--jsx' flag is provided.
components/kartela/KartelaCRUD.tsx(1183,21): error TS17004: Cannot use JSX unless the '--jsx' flag is provided.
components/kartela/KartelaCRUD.tsx(1184,23): error TS17004: Cannot use JSX unless the '--jsx' flag is provided.
components/kartela/KartelaCRUD.tsx(1185,23): error TS17004: Cannot use JSX unless the '--jsx' flag is provided.
components/kartela/KartelaCRUD.tsx(1196,13): error TS17004: Cannot use JSX unless the '--jsx' flag is provided.
components/kartela/KartelaCRUD.tsx(1197,15): error TS17004: Cannot use JSX unless the '--jsx' flag is provided.
components/kartela/KartelaCRUD.tsx(1203,15): error TS17004: Cannot use JSX unless the '--jsx' flag is provided.
components/kartela/KartelaCRUD.tsx(1217,9): error TS17004: Cannot use JSX unless the '--jsx' flag is provided.
components/kartela/KartelaCRUD.tsx(1218,11): error TS17004: Cannot use JSX unless the '--jsx' flag is provided.
components/kartela/KartelaCRUD.tsx(1219,13): error TS17004: Cannot use JSX unless the '--jsx' flag is provided.
components/kartela/KartelaCRUD.tsx(1220,15): error TS17004: Cannot use JSX unless the '--jsx' flag is provided.
components/kartela/KartelaCRUD.tsx(1221,17): error TS17004: Cannot use JSX unless the '--jsx' flag is provided.
components/kartela/KartelaCRUD.tsx(1222,17): error TS17004: Cannot use JSX unless the '--jsx' flag is provided.
components/kartela/KartelaCRUD.tsx(1223,19): error TS17004: Cannot use JSX unless the '--jsx' flag is provided.
components/kartela/KartelaCRUD.tsx(1228,13): error TS17004: Cannot use JSX unless the '--jsx' flag is provided.
components/kartela/KartelaCRUD.tsx(1229,15): error TS17004: Cannot use JSX unless the '--jsx' flag is provided.
components/kartela/KartelaCRUD.tsx(1230,17): error TS17004: Cannot use JSX unless the '--jsx' flag is provided.
components/kartela/KartelaCRUD.tsx(1231,19): error TS17004: Cannot use JSX unless the '--jsx' flag is provided.
components/kartela/KartelaCRUD.tsx(1235,19): error TS17004: Cannot use JSX unless the '--jsx' flag is provided.
components/kartela/KartelaCRUD.tsx(1236,21): error TS17004: Cannot use JSX unless the '--jsx' flag is provided.
components/kartela/KartelaCRUD.tsx(1237,21): error TS17004: Cannot use JSX unless the '--jsx' flag is provided.
components/kartela/KartelaCRUD.tsx(1241,19): error TS17004: Cannot use JSX unless the '--jsx' flag is provided.
components/kartela/KartelaCRUD.tsx(1242,21): error TS17004: Cannot use JSX unless the '--jsx' flag is provided.
components/kartela/KartelaCRUD.tsx(1249,15): error TS17004: Cannot use JSX unless the '--jsx' flag is provided.
components/kartela/KartelaCRUD.tsx(1250,17): error TS17004: Cannot use JSX unless the '--jsx' flag is provided.
components/kartela/KartelaCRUD.tsx(1251,19): error TS17004: Cannot use JSX unless the '--jsx' flag is provided.
components/kartela/KartelaCRUD.tsx(1252,19): error TS17004: Cannot use JSX unless the '--jsx' flag is provided.
components/kartela/KartelaCRUD.tsx(1253,21): error TS17004: Cannot use JSX unless the '--jsx' flag is provided.
components/kartela/KartelaCRUD.tsx(1253,24): error TS17004: Cannot use JSX unless the '--jsx' flag is provided.
components/kartela/KartelaCRUD.tsx(1255,23): error TS17004: Cannot use JSX unless the '--jsx' flag is provided.
components/kartela/KartelaCRUD.tsx(1256,25): error TS17004: Cannot use JSX unless the '--jsx' flag is provided.
components/kartela/KartelaCRUD.tsx(1256,28): error TS17004: Cannot use JSX unless the '--jsx' flag is provided.
components/kartela/KartelaCRUD.tsx(1259,21): error TS17004: Cannot use JSX unless the '--jsx' flag is provided.
components/kartela/KartelaCRUD.tsx(1259,24): error TS17004: Cannot use JSX unless the '--jsx' flag is provided.
components/kartela/KartelaCRUD.tsx(1260,21): error TS17004: Cannot use JSX unless the '--jsx' flag is provided.
components/kartela/KartelaCRUD.tsx(1260,24): error TS17004: Cannot use JSX unless the '--jsx' flag is provided.
components/kartela/KartelaCRUD.tsx(1264,17): error TS17004: Cannot use JSX unless the '--jsx' flag is provided.
components/kartela/KartelaCRUD.tsx(1265,19): error TS17004: Cannot use JSX unless the '--jsx' flag is provided.
components/kartela/KartelaCRUD.tsx(1266,19): error TS17004: Cannot use JSX unless the '--jsx' flag is provided.
components/kartela/KartelaCRUD.tsx(1267,21): error TS17004: Cannot use JSX unless the '--jsx' flag is provided.
components/kartela/KartelaCRUD.tsx(1267,24): error TS17004: Cannot use JSX unless the '--jsx' flag is provided.
components/kartela/KartelaCRUD.tsx(1269,23): error TS17004: Cannot use JSX unless the '--jsx' flag is provided.
components/kartela/KartelaCRUD.tsx(1269,26): error TS17004: Cannot use JSX unless the '--jsx' flag is provided.
components/kartela/KartelaCRUD.tsx(1274,17): error TS17004: Cannot use JSX unless the '--jsx' flag is provided.
components/kartela/KartelaCRUD.tsx(1275,19): error TS17004: Cannot use JSX unless the '--jsx' flag is provided.
components/kartela/KartelaCRUD.tsx(1276,19): error TS17004: Cannot use JSX unless the '--jsx' flag is provided.
components/kartela/KartelaCRUD.tsx(1277,21): error TS17004: Cannot use JSX unless the '--jsx' flag is provided.
components/kartela/KartelaCRUD.tsx(1277,24): error TS17004: Cannot use JSX unless the '--jsx' flag is provided.
components/kartela/KartelaCRUD.tsx(1278,21): error TS17004: Cannot use JSX unless the '--jsx' flag is provided.
components/kartela/KartelaCRUD.tsx(1278,24): error TS17004: Cannot use JSX unless the '--jsx' flag is provided.
components/kartela/KartelaCRUD.tsx(1279,21): error TS17004: Cannot use JSX unless the '--jsx' flag is provided.
components/kartela/KartelaCRUD.tsx(1279,24): error TS17004: Cannot use JSX unless the '--jsx' flag is provided.
components/kartela/KartelaCRUD.tsx(1280,21): error TS17004: Cannot use JSX unless the '--jsx' flag is provided.
components/kartela/KartelaCRUD.tsx(1280,24): error TS17004: Cannot use JSX unless the '--jsx' flag is provided.
components/kartela/KartelaCRUD.tsx(1284,17): error TS17004: Cannot use JSX unless the '--jsx' flag is provided.
components/kartela/KartelaCRUD.tsx(1285,19): error TS17004: Cannot use JSX unless the '--jsx' flag is provided.
components/kartela/KartelaCRUD.tsx(1286,19): error TS17004: Cannot use JSX unless the '--jsx' flag is provided.
components/kartela/KartelaCRUD.tsx(1287,21): error TS17004: Cannot use JSX unless the '--jsx' flag is provided.
components/kartela/KartelaCRUD.tsx(1287,24): error TS17004: Cannot use JSX unless the '--jsx' flag is provided.
components/kartela/KartelaCRUD.tsx(1292,21): error TS17004: Cannot use JSX unless the '--jsx' flag is provided.
components/kartela/KartelaCRUD.tsx(1292,24): error TS17004: Cannot use JSX unless the '--jsx' flag is provided.
components/kartela/KartelaCRUD.tsx(1296,17): error TS17004: Cannot use JSX unless the '--jsx' flag is provided.
components/kartela/KartelaCRUD.tsx(1297,19): error TS17004: Cannot use JSX unless the '--jsx' flag is provided.
components/kartela/KartelaCRUD.tsx(1298,19): error TS17004: Cannot use JSX unless the '--jsx' flag is provided.
components/kartela/KartelaCRUD.tsx(1299,21): error TS17004: Cannot use JSX unless the '--jsx' flag is provided.
components/kartela/KartelaCRUD.tsx(1300,23): error TS17004: Cannot use JSX unless the '--jsx' flag is provided.
components/kartela/KartelaCRUD.tsx(1301,23): error TS17004: Cannot use JSX unless the '--jsx' flag is provided.
components/kartela/KartelaCRUD.tsx(1302,23): error TS17004: Cannot use JSX unless the '--jsx' flag is provided.
components/kartela/KartelaCRUD.tsx(1308,23): error TS17004: Cannot use JSX unless the '--jsx' flag is provided.
components/kartela/KartelaCRUD.tsx(1309,25): error TS17004: Cannot use JSX unless the '--jsx' flag is provided.
components/kartela/KartelaCRUD.tsx(1310,25): error TS17004: Cannot use JSX unless the '--jsx' flag is provided.
components/kartela/KartelaCRUD.tsx(1311,25): error TS17004: Cannot use JSX unless the '--jsx' flag is provided.
components/kartela/KartelaCRUD.tsx(1318,23): error TS17004: Cannot use JSX unless the '--jsx' flag is provided.
components/kartela/KartelaCRUD.tsx(1319,25): error TS17004: Cannot use JSX unless the '--jsx' flag is provided.
components/kartela/KartelaCRUD.tsx(1320,25): error TS17004: Cannot use JSX unless the '--jsx' flag is provided.
components/kartela/KartelaCRUD.tsx(1321,25): error TS17004: Cannot use JSX unless the '--jsx' flag is provided.
components/kartela/KartelaCRUD.tsx(1331,13): error TS17004: Cannot use JSX unless the '--jsx' flag is provided.
components/kartela/KartelaCRUD.tsx(1332,15): error TS17004: Cannot use JSX unless the '--jsx' flag is provided.
components/kartela/KartelaCRUD.tsx(1345,9): error TS17004: Cannot use JSX unless the '--jsx' flag is provided.
components/kartela/KartelaCRUD.tsx(1346,11): error TS17004: Cannot use JSX unless the '--jsx' flag is provided.
components/kartela/KartelaCRUD.tsx(1347,13): error TS17004: Cannot use JSX unless the '--jsx' flag is provided.
components/kartela/KartelaCRUD.tsx(1348,15): error TS17004: Cannot use JSX unless the '--jsx' flag is provided.
components/kartela/KartelaCRUD.tsx(1349,17): error TS17004: Cannot use JSX unless the '--jsx' flag is provided.
components/kartela/KartelaCRUD.tsx(1350,17): error TS17004: Cannot use JSX unless the '--jsx' flag is provided.
components/kartela/KartelaCRUD.tsx(1353,15): error TS17004: Cannot use JSX unless the '--jsx' flag is provided.
components/kartela/KartelaCRUD.tsx(1354,17): error TS17004: Cannot use JSX unless the '--jsx' flag is provided.
components/kartela/KartelaCRUD.tsx(1358,15): error TS17004: Cannot use JSX unless the '--jsx' flag is provided.
components/kartela/KartelaCRUD.tsx(1362,15): error TS17004: Cannot use JSX unless the '--jsx' flag is provided.
components/kartela/KartelaCRUD.tsx(1363,17): error TS17004: Cannot use JSX unless the '--jsx' flag is provided.
components/kartela/KartelaCRUD.tsx(1369,17): error TS17004: Cannot use JSX unless the '--jsx' flag is provided.
components/kartela/KartelaCRUD.tsx(1384,9): error TS17004: Cannot use JSX unless the '--jsx' flag is provided.
components/kartela/KartelaCRUD.tsx(1385,11): error TS17004: Cannot use JSX unless the '--jsx' flag is provided.
components/kartela/KartelaCRUD.tsx(1386,13): error TS17004: Cannot use JSX unless the '--jsx' flag is provided.
components/kartela/KartelaCRUD.tsx(1387,15): error TS17004: Cannot use JSX unless the '--jsx' flag is provided.
components/kartela/KartelaCRUD.tsx(1388,17): error TS17004: Cannot use JSX unless the '--jsx' flag is provided.
components/kartela/KartelaCRUD.tsx(1389,17): error TS17004: Cannot use JSX unless the '--jsx' flag is provided.
components/kartela/KartelaCRUD.tsx(1392,15): error TS17004: Cannot use JSX unless the '--jsx' flag is provided.
components/kartela/KartelaCRUD.tsx(1393,17): error TS17004: Cannot use JSX unless the '--jsx' flag is provided.
components/kartela/KartelaCRUD.tsx(1394,29): error TS17004: Cannot use JSX unless the '--jsx' flag is provided.
components/kartela/KartelaCRUD.tsx(1397,15): error TS17004: Cannot use JSX unless the '--jsx' flag is provided.
components/kartela/KartelaCRUD.tsx(1401,15): error TS17004: Cannot use JSX unless the '--jsx' flag is provided.
components/kartela/KartelaCRUD.tsx(1402,17): error TS17004: Cannot use JSX unless the '--jsx' flag is provided.
components/kartela/KartelaCRUD.tsx(1408,17): error TS17004: Cannot use JSX unless the '--jsx' flag is provided.
